[2026-08-06T02:43:04.279Z] [info] %cDownload the React DevTools for a better development experience: https://react.dev/link/react-devtools font-weight:bold
[2026-08-06T02:43:04.328Z] [log] [HMR] connected
[2026-08-06T02:43:05.194Z] [log] %c[Vercel Web Analytics]%c Debug mode is enabled by default in development. No requests will be sent to the server. color: rgb(120, 120, 120) color: inherit
[2026-08-06T02:43:05.194Z] [log] %c[Vercel Web Analytics]%c Running queued event color: rgb(120, 120, 120) color: inherit pageview {route: /, path: /}
[2026-08-06T02:43:05.194Z] [log] %c[Vercel Web Analytics]%c [view] http://localhost:3000/ color: rgb(120, 120, 120) color: inherit {o: http://localhost:3000/, sv: 0.1.3, sdkn: @vercel/analytics/next, sdkv: 2.0.1, ts: 1785984185194} /_vercel/insights/view
[2026-08-06T02:43:24.174Z] [log] [Fast Refresh] rebuilding
[2026-08-06T02:43:24.397Z] [log] [Fast Refresh] done in 84ms
[2026-08-06T02:43:24.971Z] [log] [Fast Refresh] rebuilding
[2026-08-06T02:43:25.960Z] [log] [Fast Refresh] done in 1090ms
[2026-08-06T02:43:27.080Z] [log] [Fast Refresh] rebuilding
[2026-08-06T02:43:27.464Z] [log] [Fast Refresh] done in 485ms
[2026-08-06T02:43:31.500Z] [log] [Fast Refresh] rebuilding
[2026-08-06T02:43:31.528Z] [log] [Fast Refresh] done in 78ms
[2026-08-06T02:43:45.969Z] [log] [Fast Refresh] rebuilding
[2026-08-06T02:43:45.976Z] [log] [Fast Refresh] done in 107ms
[2026-08-06T02:43:48.526Z] [log] [Fast Refresh] rebuilding
[2026-08-06T02:43:48.548Z] [log] [Fast Refresh] done in 127ms
[2026-08-06T02:43:52.502Z] [log] [Fast Refresh] rebuilding
[2026-08-06T02:43:52.510Z] [log] [Fast Refresh] done in 110ms
[2026-08-06T02:44:47.945Z] [log] [Fast Refresh] rebuilding
[2026-08-06T02:44:47.957Z] [log] [Fast Refresh] done in 113ms
[2026-08-06T02:44:58.007Z] [log] [Fast Refresh] rebuilding
[2026-08-06T02:44:58.017Z] [log] [Fast Refresh] done in 111ms
[2026-08-06T02:45:11.255Z] [log] [Fast Refresh] rebuilding
[2026-08-06T02:45:11.268Z] [log] [Fast Refresh] done in 112ms
[2026-08-06T02:45:21.369Z] [log] [Fast Refresh] rebuilding
[2026-08-06T02:45:21.379Z] [log] [Fast Refresh] done in 112ms
[2026-08-06T02:45:56.648Z] [log] [Fast Refresh] rebuilding
[2026-08-06T02:45:56.663Z] [log] [Fast Refresh] done in 115ms
[2026-08-06T02:50:58.566Z] [log] [Fast Refresh] rebuilding
[2026-08-06T02:50:58.569Z] [log] [Fast Refresh] done in 105ms
[2026-08-06T02:51:04.878Z] [log] [Fast Refresh] rebuilding
[2026-08-06T02:51:04.883Z] [log] [Fast Refresh] done in 106ms
[2026-08-06T02:51:21.449Z] [log] [Fast Refresh] rebuilding
[2026-08-06T02:51:21.452Z] [log] [Fast Refresh] done in 107ms
[2026-08-06T02:51:39.733Z] [log] [Fast Refresh] rebuilding
[2026-08-06T02:51:39.748Z] [log] [Fast Refresh] done in 114ms
[2026-08-06T02:57:34.459Z] [log] [Fast Refresh] rebuilding
[2026-08-06T02:57:34.497Z] [log] [Fast Refresh] done in 118ms
[2026-08-06T03:00:39.585Z] [log] [Fast Refresh] rebuilding
[2026-08-06T03:00:39.622Z] [log] [Fast Refresh] done in 105ms
[2026-08-06T03:00:43.716Z] [log] [Fast Refresh] rebuilding
[2026-08-06T03:00:43.755Z] [log] [Fast Refresh] done in 140ms
[2026-08-06T03:00:54.832Z] [log] [Fast Refresh] rebuilding
[2026-08-06T03:00:55.522Z] [log] [Fast Refresh] done in 790ms
[2026-08-06T03:00:56.503Z] [log] [Fast Refresh] rebuilding
[2026-08-06T03:00:56.564Z] [log] [Fast Refresh] done in 73ms
[2026-08-06T03:00:56.718Z] [log] [Fast Refresh] rebuilding
[2026-08-06T03:00:56.782Z] [log] [Fast Refresh] done in 163ms
[2026-08-06T03:00:59.947Z] [log] [Fast Refresh] rebuilding
[2026-08-06T03:01:00.086Z] [log] [Fast Refresh] done in 110ms
[2026-08-06T03:01:00.867Z] [log] [Fast Refresh] rebuilding
[2026-08-06T03:01:00.883Z] [log] [Fast Refresh] done in 116ms
[2026-08-06T03:01:06.579Z] [log] [Fast Refresh] rebuilding
[2026-08-06T03:01:06.580Z] [log] [Fast Refresh] done in 101ms
[2026-08-06T03:01:11.228Z] [log] [Fast Refresh] rebuilding
[2026-08-06T03:01:11.229Z] [log] [Fast Refresh] done in 102ms
[2026-08-06T03:01:14.527Z] [log] [Fast Refresh] rebuilding
[2026-08-06T03:01:14.534Z] [log] [Fast Refresh] done in 111ms
[2026-08-06T03:01:27.992Z] [log] [Fast Refresh] rebuilding
[2026-08-06T03:01:28.016Z] [log] [Fast Refresh] done in 73ms
[2026-08-06T03:01:34.417Z] [log] [Fast Refresh] rebuilding
[2026-08-06T03:01:34.438Z] [log] [Fast Refresh] done in 82ms
[2026-08-06T03:01:37.447Z] [log] [Fast Refresh] rebuilding
[2026-08-06T03:01:37.464Z] [log] [Fast Refresh] done in 83ms
[2026-08-06T03:01:40.706Z] [log] [Fast Refresh] rebuilding
[2026-08-06T03:01:40.722Z] [log] [Fast Refresh] done in 93ms
[2026-08-06T03:01:50.573Z] [log] [Fast Refresh] rebuilding
[2026-08-06T03:01:50.586Z] [log] [Fast Refresh] done in 114ms
[2026-08-06T03:01:53.748Z] [log] [Fast Refresh] rebuilding
[2026-08-06T03:01:53.752Z] [log] [Fast Refresh] done in 107ms
[2026-08-06T03:02:00.492Z] [log] [Fast Refresh] rebuilding
[2026-08-06T03:02:00.492Z] [log] [Fast Refresh] done in 102ms
[2026-08-06T03:02:03.724Z] [log] [Fast Refresh] rebuilding
[2026-08-06T03:02:03.744Z] [log] [Fast Refresh] done in 94ms
[2026-08-06T03:02:06.784Z] [log] [Fast Refresh] rebuilding
[2026-08-06T03:02:06.798Z] [log] [Fast Refresh] done in 104ms
[2026-08-06T03:02:07.954Z] [log] [Fast Refresh] rebuilding
[2026-08-06T03:02:08.014Z] [log] [Fast Refresh] done in 163ms
[2026-08-06T03:02:10.165Z] [log] [Fast Refresh] rebuilding
[2026-08-06T03:02:10.179Z] [log] [Fast Refresh] done in 103ms
[2026-08-06T03:02:13.290Z] [log] [Fast Refresh] rebuilding
[2026-08-06T03:02:13.324Z] [log] [Fast Refresh] done in 115ms
[2026-08-06T03:02:16.912Z] [log] [Fast Refresh] rebuilding
[2026-08-06T03:02:16.925Z] [log] [Fast Refresh] done in 91ms
[2026-08-06T03:02:20.396Z] [log] [Fast Refresh] rebuilding
[2026-08-06T03:02:20.409Z] [log] [Fast Refresh] done in 91ms
[2026-08-06T03:02:49.694Z] [log] [Fast Refresh] rebuilding
[2026-08-06T03:02:49.698Z] [log] [Fast Refresh] done in 106ms
[2026-08-06T03:02:55.733Z] [log] [Fast Refresh] rebuilding
[2026-08-06T03:02:55.758Z] [log] [Fast Refresh] done in 80ms
[2026-08-06T03:02:59.884Z] [log] [Fast Refresh] rebuilding
[2026-08-06T03:02:59.914Z] [log] [Fast Refresh] done in 75ms
[2026-08-06T03:03:13.301Z] [log] [Fast Refresh] rebuilding
[2026-08-06T03:03:13.326Z] [log] [Fast Refresh] done in 76ms
[2026-08-06T03:03:25.563Z] [log] [Fast Refresh] rebuilding
[2026-08-06T03:03:25.637Z] [log] [Fast Refresh] done in 151ms
[2026-08-06T03:03:35.767Z] [log] [Fast Refresh] rebuilding
[2026-08-06T03:03:35.788Z] [log] [Fast Refresh] done in 79ms
[2026-08-06T03:03:43.636Z] [log] [Fast Refresh] rebuilding
[2026-08-06T03:03:43.654Z] [log] [Fast Refresh] done in 118ms
[2026-08-06T03:03:50.473Z] [log] [Fast Refresh] rebuilding
[2026-08-06T03:03:50.474Z] [log] [Fast Refresh] done in 106ms
[2026-08-06T03:03:57.760Z] [log] [Fast Refresh] rebuilding
[2026-08-06T03:03:57.773Z] [log] [Fast Refresh] done in 115ms
[2026-08-06T03:04:48.653Z] [log] [Fast Refresh] rebuilding
[2026-08-06T03:04:48.853Z] [log] [Fast Refresh] done in 300ms
[2026-08-06T03:04:49.066Z] [log] [Fast Refresh] rebuilding
[2026-08-06T03:04:49.114Z] [log] [Fast Refresh] done in 149ms
[2026-08-06T03:04:55.735Z] [log] [Fast Refresh] rebuilding
[2026-08-06T03:04:55.794Z] [log] [Fast Refresh] done in 94ms
[2026-08-06T03:04:57.995Z] [log] [Fast Refresh] rebuilding
[2026-08-06T03:04:58.007Z] [log] [Fast Refresh] done in 91ms
[2026-08-06T03:05:03.852Z] [log] [Fast Refresh] rebuilding
[2026-08-06T03:05:03.902Z] [log] [Fast Refresh] done in 79ms
[2026-08-06T03:05:06.625Z] [log] [Fast Refresh] rebuilding
[2026-08-06T03:05:06.642Z] [log] [Fast Refresh] done in 106ms
[2026-08-06T03:05:34.165Z] [log] [Fast Refresh] rebuilding
[2026-08-06T03:05:34.211Z] [log] [Fast Refresh] done in 146ms
[2026-08-06T03:05:56.338Z] [log] [Fast Refresh] rebuilding
[2026-08-06T03:05:56.557Z] [log] [Fast Refresh] done in 321ms
